[drinks-co.github.io/Drinks-Co/job-portal-website-master/index.html]
[backblue.gif]
[fade.gif]
[index.html]
[drinks-co.github.io/Drinks-Co/job-portal-website-master/img/download.png]
[unpkg.com/boxicons@2.1.4/css/boxicons.min.css]
[drinks-co.github.io/Drinks-Co/job-portal-website-master/img/favicon.ico]
[cdnjs.cloudflare.com/ajax/libs/font-awesome/5.10.0/css/all.min.css]
[cdn.jsdelivr.net/npm/bootstrap-icons@1.4.1/font/bootstrap-icons.css]
[drinks-co.github.io/Drinks-Co/job-portal-website-master/lib/animate/animate.min.css]
[drinks-co.github.io/Drinks-Co/job-portal-website-master/lib/owlcarousel/assets/owl.carousel.min.css]
[drinks-co.github.io/Drinks-Co/job-portal-website-master/css/bootstrap.min.css]
[drinks-co.github.io/Drinks-Co/job-portal-website-master/css/style.css]
[drinks-co.github.io/Drinks-Co/job-portal-website-master/about.html]
[drinks-co.github.io/Drinks-Co/job-portal-website-master/404.html]
[drinks-co.github.io/Drinks-Co/job-portal-website-master/category.html]
[drinks-co.github.io/Drinks-Co/job-portal-website-master/contact.html]
[drinks-co.github.io/Drinks-Co/job-portal-website-master/job-list.html]
[drinks-co.github.io/Drinks-Co/job-portal-website-master/img/wine.jpg]
[drinks-co.github.io/Drinks-Co/job-portal-website-master/img/wine2.jpg]
[drinks-co.github.io/Drinks-Co/job-portal-website-master/img/wine3.jpg]
[drinks-co.github.io/Drinks-Co/job-portal-website-master/img/wine4.jpg]
[drinks-co.github.io/Drinks-Co/job-portal-website-master/img/wine5.jpg]
[drinks-co.github.io/Drinks-Co/job-portal-website-master/img/wine6.jpg]
[code.jquery.com/jquery-3.4.1.min.js]
[cdn.jsdelivr.net/npm/bootstrap@5.0.0/dist/js/bootstrap.bundle.min.js]
[drinks-co.github.io/Drinks-Co/job-portal-website-master/lib/wow/wow.min.js]
[drinks-co.github.io/Drinks-Co/job-portal-website-master/lib/easing/easing.min.js]
[drinks-co.github.io/Drinks-Co/job-portal-website-master/lib/waypoints/waypoints.min.js]
[drinks-co.github.io/Drinks-Co/job-portal-website-master/lib/owlcarousel/owl.carousel.min.js]
[drinks-co.github.io/Drinks-Co/job-portal-website-master/js/main.js]
[drinks-co.github.io/Drinks-Co/job-portal-website-master/index.html]
[unpkg.com/boxicons@2.1.4/css/boxicons.min.css]
[drinks-co.github.io/Drinks-Co/job-portal-website-master/img/favicon.html]
[cdnjs.cloudflare.com/ajax/libs/font-awesome/5.10.0/css/all.min.css]
[cdn.jsdelivr.net/npm/bootstrap-icons@1.4.1/font/fonts/bootstrap-iconsfb95.woff2]
[cdn.jsdelivr.net/npm/bootstrap-icons@1.4.1/font/fonts/bootstrap-iconsfb95.woff]
[cdn.jsdelivr.net/npm/bootstrap-icons@1.4.1/font/bootstrap-icons.css]
[drinks-co.github.io/Drinks-Co/job-portal-website-master/lib/animate/animate.min.css]
[drinks-co.github.io/Drinks-Co/job-portal-website-master/lib/owlcarousel/assets/owl.video.play.png]
[drinks-co.github.io/Drinks-Co/job-portal-website-master/lib/owlcarousel/assets/owl.carousel.min.css]
[drinks-co.github.io/Drinks-Co/job-portal-website-master/css/bootstrap.min.css]
[drinks-co.github.io/Drinks-Co/job-portal-website-master/img/carousel-1.jpg]
[drinks-co.github.io/Drinks-Co/job-portal-website-master/css/style.css]
[drinks-co.github.io/Drinks-Co/job-portal-website-master/about.html]
[drinks-co.github.io/Drinks-Co/job-portal-website-master/404.html]
[drinks-co.github.io/Drinks-Co/job-portal-website-master/category.html]
[drinks-co.github.io/Drinks-Co/job-portal-website-master/contact.html]
[drinks-co.github.io/Drinks-Co/job-portal-website-master/job-list.html]
[drinks-co.github.io/Drinks-Co/job-portal-website-master/lib/waypoints/waypoints.min.html]
