[www.drinksandco.com/index.html]
[backblue.gif]
[fade.gif]
[index.html]
[www.drinksandco.com/apple-touch-icon.png]
[www.drinksandco.com/apple-touch-icon-72x72.png]
[www.drinksandco.com/apple-touch-icon-114x114.png]
[www.drinksandco.com/apple-touch-icon-144x144.png]
[www.drinksandco.com/apple-touch-icon-precomposed.png]
[www.drinksandco.com/apple-touch-icon-72x72-precomposed.png]
[www.drinksandco.com/apple-touch-icon-114x114-precomposed.png]
[www.drinksandco.com/apple-touch-icon-144x144-precomposed.png]
[www.drinksandco.com/favicon.ico]
[www.drinksandco.com/favicon-196x196.png]
[www.drinksandco.com/favicon-32x32.ico]
[static.drinksandco.com/css/rev-dc38c55c042940bf64157b496c4da3e9.drinksco.css]
[static.drinksandco.com/css/rev-dc38c55c042940bf64157b496c4da3e9.drinkscoDesktop.css]
[static.drinksandco.com/js/src/premium/dist/rev-dc38c55c042940bf64157b496c4da3e9.header.dist.js]
[static.drinksandco.com/js/src/premium/dist/rev-dc38c55c042940bf64157b496c4da3e9.algolia.dist.js]
[www.drinksandco.com/login.html]
[www.drinksandco.com/user.html]
[www.drinksandco.com/l/wine]
[www.drinksandco.com/l/wine/ct-red]
[www.drinksandco.com/l/wine/ct-white]
[www.drinksandco.com/l/wine/ct-sparkling]
[www.drinksandco.com/l/wine/ct-rose]
[www.drinksandco.com/l/wine/ct-fortified]
[www.drinksandco.com/l/wine/ct-sweet]
[www.drinksandco.com/l/wine/ct-alcohol--free]
[www.drinksandco.com/l/wine/cn-france]
[www.drinksandco.com/l/wine/do-champagne]
[www.drinksandco.com/l/wine/do-saint--emilion]
[www.drinksandco.com/l/wine/cn-spain]
[www.drinksandco.com/l/wine/do-rioja]
[www.drinksandco.com/l/wine/do-ribera-del-duero]
[www.drinksandco.com/l/wine/do-penedes]
[www.drinksandco.com/l/wine/do-cava]
[www.drinksandco.com/l/wine/cn-portugal]
[www.drinksandco.com/l/wine/do-douro]
[www.drinksandco.com/l/wine/do-port]
[www.drinksandco.com/l/wine/do-alentejo]
[www.drinksandco.com/l/wine/do-setubal]
[www.drinksandco.com/l/wine/cn-germany]
[www.drinksandco.com/l/wine/do-pfalz]
[www.drinksandco.com/l/wine/do-mosel]
[www.drinksandco.com/l/wine/do-rheinhessen]
[www.drinksandco.com/l/wine/do-rheingau]
[www.drinksandco.com/l/wine/do-baden]
[www.drinksandco.com/appellations.html]
[www.drinksandco.com/l/wine/ct-sparkling0608]
[www.drinksandco.com/l/wine/ct-sparklinga690]
[www.drinksandco.com/l/wine/ct-sparkling8209]
[www.drinksandco.com/l/wine/ct-sparklingb718]
[www.drinksandco.com/l/wine/ct-sparklinga054]
[www.drinksandco.com/l/wine/ct-sparkling8b55]
[www.drinksandco.com/l/wine/ct-sparkling4668]
[www.drinksandco.com/l/wine/ct-sparklingc055]
[www.drinksandco.com/l/wine/ct-sparkling7ba0]
[www.drinksandco.com/l/wine/ct-sparkling5778]
[www.drinksandco.com/l/wine/ct-sparkling4279]
[www.drinksandco.com/l/wine/ct-sparklingbb42]
[www.drinksandco.com/l/wine/ct-sparklinge7ae]
[www.drinksandco.com/l/wine/ct-sparkling6837]
[www.drinksandco.com/l/wine/ct-sparklingfab0]
[www.drinksandco.com/l/wine/ct-sparkling4d65]
[www.drinksandco.com/l/wine/ct-sparkling35eb]
[www.drinksandco.com/l/wine/ct-sparklingfca5]
[www.drinksandco.com/l/wine/ct-sparkling8038]
[www.drinksandco.com/l/wine/ct-sparklingf219]
[www.drinksandco.com/l/beer]
[www.drinksandco.com/l/beer/ct-golden-beer]
[www.drinksandco.com/l/beer/ct-ale]
[www.drinksandco.com/l/beer/ct-wheat]
[www.drinksandco.com/l/beer/ct-craft]
[www.drinksandco.com/l/beer/ct-lager]
[www.drinksandco.com/l/beer/ct-indian-pale-ale]
[www.drinksandco.com/l/beer/ct-stout]
[www.drinksandco.com/l/beer/ct-pilsener]
[www.drinksandco.com/l/beer/ct-special]
[www.drinksandco.com/l/beer/ct-abbey]
[www.drinksandco.com/l/beer/ct-strong-ale]
[www.drinksandco.com/l/beer/ct-ambree-beer]
[www.drinksandco.com/l/beer/ct-christmas]
[www.drinksandco.com/l/beer/ct-bitter]
[www.drinksandco.com/l/beer/ct-porter]
[www.drinksandco.com/l/beer/ct-black-beer]
[www.drinksandco.com/l/beer/ct-brown-ale]
[www.drinksandco.com/l/beer/ct-dubbel]
[www.drinksandco.com/l/beer/ct-fruit]
[www.drinksandco.com/l/beer/ct-saison]
[www.drinksandco.com/l/beer/cn-belgium]
[www.drinksandco.com/l/beer/cn-netherlands]
[www.drinksandco.com/l/beer/cn-france]
[www.drinksandco.com/l/beer/cn-united-states]
[www.drinksandco.com/l/beer/cn-england]
[www.drinksandco.com/l/beer/cn-spain]
[www.drinksandco.com/l/beer/cn-germany]
[www.drinksandco.com/l/beer/cn-denmark]
[www.drinksandco.com/l/beer/cn-italy]
[www.drinksandco.com/l/beer/cn-scotland]
[www.drinksandco.com/l/beer/cn-canada]
[www.drinksandco.com/l/beer/cn-sweden]
[www.drinksandco.com/l/beer/cn-norway]
[www.drinksandco.com/l/beer/cn-ireland]
[www.drinksandco.com/l/beer/cn-mexico]
[www.drinksandco.com/l/beer/cn-estonia]
[www.drinksandco.com/l/beer/cn-japan]
[www.drinksandco.com/l/beer/cn-czech-republic]
[www.drinksandco.com/l/beer/cn-austria]
[www.drinksandco.com/l/beer/cn-portugal]
[www.drinksandco.com/l/spirits]
[www.drinksandco.com/l/spirits/ct-whiskey]
[www.drinksandco.com/l/spirits/ct-rum]
[www.drinksandco.com/l/spirits/ct-liqueurs--and--cremes]
[www.drinksandco.com/l/spirits/ct-gin]
[www.drinksandco.com/l/spirits/ct-miniatures]
[www.drinksandco.com/l/spirits/ct-armagnac]
[www.drinksandco.com/l/spirits/ct-cognac]
[www.drinksandco.com/l/spirits/ct-grappa]
[www.drinksandco.com/l/spirits/ct-vodka]
[www.drinksandco.com/l/spirits/ct-aguardiente]
[www.drinksandco.com/l/spirits/ct-brandy]
[www.drinksandco.com/l/spirits/ct-tequila]
[www.drinksandco.com/l/spirits/sc-fruit-liquor]
[www.drinksandco.com/l/spirits/ct-absinthe]
[www.drinksandco.com/l/spirits/sc-herbal-liquor]
[www.drinksandco.com/l/spirits/ct-calvados]
[www.drinksandco.com/l/spirits/ct-bourbon]
[www.drinksandco.com/l/spirits/ct-marc]
[www.drinksandco.com/l/spirits/ct-anise]
[www.drinksandco.com/l/spirits/ct-cachaca]
[www.drinksandco.com/l/spirits13c4]
[www.drinksandco.com/l/spiritsbb33]
[www.drinksandco.com/l/spirits3383]
[www.drinksandco.com/l/spirits6634]
[www.drinksandco.com/l/spiritsed59]
[www.drinksandco.com/l/spiritsb987]
[www.drinksandco.com/l/spiritsa5e3]
[www.drinksandco.com/l/spiritse016]
[www.drinksandco.com/l/spiritse0a4]
[www.drinksandco.com/l/spirits1480]
[www.drinksandco.com/l/spiritsc201]
[www.drinksandco.com/l/spiritsca6d]
[www.drinksandco.com/l/spirits337b]
[www.drinksandco.com/l/spirits01d7]
[www.drinksandco.com/l/spirits3d8c]
[www.drinksandco.com/l/spiritsbfca]
[www.drinksandco.com/l/spiritsadeb]
[www.drinksandco.com/l/spirits520c]
[www.drinksandco.com/l/spirits4c9b]
[www.drinksandco.com/l/spirits3f03]
[www.drinksandco.com/brands_c_spirits.html]
[www.drinksandco.com/l/gourmet]
[www.drinksandco.com/contact]
[www.drinksandco.com/l/wine/cn-italy]
[www.drinksandco.com/l/wine/cn-france249a]
[www.drinksandco.com/l/spirits/sc-amaretto]
[www.drinksandco.com/l/wine/cn-francea72b]
[www.drinksandco.com/l/beer/ct-ale/cn-england]
[www.drinksandco.com/brands.html]
[static.drinksandco.com/js/src/premium/dist/rev-dc38c55c042940bf64157b496c4da3e9.home.dist.js]
[www.drinksandco.com/about-drinksco.html]
[www.drinksandco.com/affiliates.html]
[www.drinksandco.com/app-mobile.html]
[static.drinksandco.com/js/src/premium/dist/rev-38a38aefc48518d219a1e21e2dc2229a.footer.dist.js]
[www.drinksandco.com/terms.html]
[www.drinksandco.com/privacy.html]
[www.drinksandco.com/cookies.html]
[static.drinksandco.com/js/rev-dc38c55c042940bf64157b496c4da3e9.main.min008c.js]
[www.drinksandco.com/index.html]
[www.drinksandco.com/favicon.svg]
[www.drinksandco.com/manifest.html]
[static.drinksandco.com/js/src/premium/dist/rev-dc38c55c042940bf64157b496c4da3e9.commonIcons.dist.js]
[static.drinksandco.com/img/error-icon.png]
[static.drinksandco.com/img/mobile/selector@2x.png]
[static.drinksandco.com/img/sprites/icons-sd39a7f3685.png]
[static.drinksandco.com/img/ajax-loader.gif]
[static.drinksandco.com/img/bg_form-error.png]
[static.drinksandco.com/img/pending_cart_icon.png]
[static.drinksandco.com/img/newsletter/newsletter-modal__background.jpg]
[static.drinksandco.com/img/newsletter/newsletter-modal__background__FR.jpg]
[static.drinksandco.com/img/check.png]
[static.drinksandco.com/img/newsletter/close_12.png]
[static.drinksandco.com/img/bg_favoritos.png]
[static.drinksandco.com/img/sprites/icons-drinksco/breadcrumbs-bullet-favorites.png]
[static.drinksandco.com/img/makers/jumbo_bg.png]
[static.drinksandco.com/img/makers/white-arrow-down.png]
[static.drinksandco.com/js/vendor/jquery/plugins/fancybox/fancybox_sprite.png]
[static.drinksandco.com/js/vendor/jquery/plugins/fancybox/fancybox_loading.gif]
[static.drinksandco.com/js/vendor/jquery/plugins/fancybox/fancybox_overlay.png]
[static.drinksandco.com/js/vendor/jquery/plugins/select2/select2.png]
[static.drinksandco.com/img/bg-side-title2.gif]
[static.drinksandco.com/img/stars-big-rating.png]
[static.drinksandco.com/img/mobile/users-home@2x.png]
[static.drinksandco.com/img/stars-extrabig-rating.png]
[static.drinksandco.com/img/bg-ajax.gif]
[static.drinksandco.com/img/stars-rating-24w.png]
[static.drinksandco.com/img/mobile/paypal-icon2@2x.png]
[static.drinksandco.com/img/mobile/generic-card-icon2@2x.png]
[static.drinksandco.com/img/tick.png]
[static.drinksandco.com/img/sprites/icons/fees.png]
[static.drinksandco.com/img/sprites/icons/favorites.png]
[static.drinksandco.com/img/opinions/opinions_EN.png]
[static.drinksandco.com/img/opinions/opinions_ES.png]
[static.drinksandco.com/img/opinions/opinions_FR.png]
[static.drinksandco.com/img/opinions/opinions_DE.png]
[static.drinksandco.com/img/opinions/opinions_IT.png]
[static.drinksandco.com/img/opinions/opinions_PT.png]
[static.drinksandco.com/img/opinions/opinions_NL.png]
[static.drinksandco.com/img/sprites/icons/gmail-icon.png]
[static.drinksandco.com/img/sprites/icons/outlook-icon.png]
[static.drinksandco.com/img/sprites/icons/yahoo-icon.png]
[static.drinksandco.com/img/invite-bg-drinksco.png]
[static.drinksandco.com/img/stars_rating.png]
[static.drinksandco.com/img/stars-rating.png]
[static.drinksandco.com/img/stars-rating-16w.png]
[static.drinksandco.com/img/premium/bg-image4.jpg]
[static.drinksandco.com/img/premium/_bottles.png]
[static.drinksandco.com/img/landing/landing-mvp.jpg]
[static.drinksandco.com/img/ajax-loader-big.gif]
[static.drinksandco.com/css/rev-dc38c55c042940bf64157b496c4da3e9.drinksco.css]
[static.drinksandco.com/img/sprites/icons-drinksco/logo-mini2.png]
[static.drinksandco.com/img/sprites/icons/flag_red.png]
[static.drinksandco.com/img/bg_precio_final.png]
[static.drinksandco.com/img/statics/feedback/faces.png]
[static.drinksandco.com/uvinum/img/register/benefits.jpg]
[static.drinksandco.com/css/rev-dc38c55c042940bf64157b496c4da3e9.drinkscoDesktop.css]
[www.googletagmanager.com/gtm5445.html]
[www.drinksandco.com/manifest.json]
[www.drinksandco.com/_nuxt/app_2.27.1.js]
[www.drinksandco.com/_nuxt/commons.app_2.27.1.js]
[www.drinksandco.com/_nuxt/layouts/default_2.27.1.js]
[www.drinksandco.com/_nuxt/layouts/breadcrumbs.layouts/default.layouts/userArea_2.27.1.js]
[www.drinksandco.com/_nuxt/img/bc77524.svg]
[www.drinksandco.com/_nuxt/img/7b829d8.svg]
[www.drinksandco.com/_nuxt/img/b1a94e4.svg]
[www.drinksandco.com/remember.html]
[www.drinksandco.com/login.html]
[www.drinksandco.com/_nuxt/img/a8a0391.svg]
[www.drinksandco.com/_nuxt/pages/register/Register_2.27.1.js]
[www.drinksandco.com/legal-details.html]
[www.drinksandco.com/user.html]
[www.drinksandco.com/l/wine.html]
[www.drinksandco.com/l/wine/ct-red.html]
[www.drinksandco.com/l/wine/ct-white.html]
[www.drinksandco.com/l/wine/ct-sparkling.html]
[www.drinksandco.com/l/wine/ct-rose.html]
[www.drinksandco.com/l/wine/ct-fortified.html]
[www.drinksandco.com/l/wine/ct-sweet.html]
[www.drinksandco.com/l/wine/ct-alcohol--free.html]
[www.drinksandco.com/l/wine/do-champagne.html]
[www.drinksandco.com/l/wine/cn-france.html]
[www.drinksandco.com/l/wine/do-saint--emilion.html]
[www.drinksandco.com/l/wine/cn-spain.html]
[www.drinksandco.com/l/wine/do-rioja.html]
[www.drinksandco.com/l/wine/do-ribera-del-duero.html]
[www.drinksandco.com/l/wine/do-penedes.html]
[www.drinksandco.com/l/wine/do-cava.html]
[www.drinksandco.com/l/wine/cn-portugal.html]
[www.drinksandco.com/l/wine/do-douro.html]
[www.drinksandco.com/l/wine/do-port.html]
[www.drinksandco.com/l/wine/do-alentejo.html]
[www.drinksandco.com/l/wine/cn-germany.html]
[www.drinksandco.com/l/wine/do-setubal.html]
[www.drinksandco.com/l/wine/do-pfalz.html]
[www.drinksandco.com/l/wine/do-mosel.html]
[www.drinksandco.com/l/wine/do-rheingau.html]
[www.drinksandco.com/l/wine/do-rheinhessen.html]
[www.drinksandco.com/l/wine/do-baden.html]
[static.drinksandco.com/css/rev-1a5b0943a467ccefbe0db8c0237cb8d1.drinksco.css]
[static.drinksandco.com/css/rev-1a5b0943a467ccefbe0db8c0237cb8d1.drinkscoDesktop.css]
[static.drinksandco.com/js/src/premium/dist/rev-1a5b0943a467ccefbe0db8c0237cb8d1.header.dist.js]
[www.drinksandco.com/modal-window_email_register.html]
[static.drinksandco.com/js/src/premium/dist/rev-1a5b0943a467ccefbe0db8c0237cb8d1.algolia.dist.js]
[static.drinksandco.com/js/src/premium/dist/rev-4086fb9029d52f387af2204dd8d4bec5.footer.dist.js]
[static.drinksandco.com/js/rev-1a5b0943a467ccefbe0db8c0237cb8d1.main.min008c.js]
[www.drinksandco.com/appellations.html]
[static.drinksandco.com/js/src/premium/dist/rev-1a5b0943a467ccefbe0db8c0237cb8d1.commonIcons.dist.js]
[www.drinksandco.com/l/wine/ct-sparklinga690.html]
[www.drinksandco.com/l/wine/ct-sparkling0608.html]
[www.drinksandco.com/l/wine/ct-sparklingb718.html]
[www.drinksandco.com/l/wine/ct-sparkling8209.html]
[www.drinksandco.com/l/wine/ct-sparkling8b55.html]
[www.drinksandco.com/l/wine/ct-sparklinga054.html]
[www.drinksandco.com/l/wine/ct-sparkling4668.html]
[www.drinksandco.com/l/wine/ct-sparkling5778.html]
[www.drinksandco.com/l/wine/ct-sparkling7ba0.html]
[www.drinksandco.com/l/wine/ct-sparklingc055.html]
[www.drinksandco.com/l/wine/ct-sparklinge7ae.html]
[www.drinksandco.com/l/wine/ct-sparkling4279.html]
[www.drinksandco.com/l/wine/ct-sparkling6837.html]
[www.drinksandco.com/l/wine/ct-sparklingbb42.html]
[www.drinksandco.com/l/wine/ct-sparklingfab0.html]
[www.drinksandco.com/l/wine/ct-sparkling35eb.html]
[www.drinksandco.com/l/wine/ct-sparklingfca5.html]
[www.drinksandco.com/l/wine/ct-sparkling4d65.html]
[www.drinksandco.com/l/beer/ct-golden-beer.html]
[www.drinksandco.com/l/wine/ct-sparkling8038.html]
[www.drinksandco.com/l/beer.html]
[www.drinksandco.com/l/wine/ct-sparklingf219.html]
[www.drinksandco.com/l/beer/ct-wheat.html]
[www.drinksandco.com/l/beer/ct-ale.html]
[www.drinksandco.com/l/beer/ct-craft.html]
[www.drinksandco.com/l/beer/ct-lager.html]
[www.drinksandco.com/l/beer/ct-indian-pale-ale.html]
[www.drinksandco.com/l/beer/ct-pilsener.html]
[www.drinksandco.com/l/beer/ct-stout.html]
[www.drinksandco.com/l/beer/ct-special.html]
[www.drinksandco.com/l/beer/ct-abbey.html]
[www.drinksandco.com/l/beer/ct-ambree-beer.html]
[www.drinksandco.com/l/beer/ct-strong-ale.html]
[www.drinksandco.com/l/beer/ct-christmas.html]
[www.drinksandco.com/l/beer/ct-bitter.html]
[www.drinksandco.com/l/beer/ct-brown-ale.html]
[www.drinksandco.com/l/beer/ct-porter.html]
[www.drinksandco.com/l/beer/ct-black-beer.html]
[www.drinksandco.com/l/beer/ct-dubbel.html]
[www.drinksandco.com/l/beer/ct-fruit.html]
[www.drinksandco.com/l/beer/cn-belgium.html]
[www.drinksandco.com/l/beer/ct-saison.html]
[www.drinksandco.com/l/beer/cn-netherlands.html]
[www.drinksandco.com/l/beer/cn-france.html]
[www.drinksandco.com/l/beer/cn-england.html]
[www.drinksandco.com/l/beer/cn-united-states.html]
[www.drinksandco.com/l/beer/cn-spain.html]
[www.drinksandco.com/l/beer/cn-germany.html]
[www.drinksandco.com/l/beer/cn-italy.html]
[www.drinksandco.com/l/beer/cn-denmark.html]
[www.drinksandco.com/l/beer/cn-scotland.html]
[www.drinksandco.com/l/beer/cn-canada.html]
[www.drinksandco.com/l/beer/cn-sweden.html]
[www.drinksandco.com/l/beer/cn-norway.html]
[www.drinksandco.com/l/beer/cn-ireland.html]
[www.drinksandco.com/l/beer/cn-mexico.html]
[www.drinksandco.com/l/beer/cn-czech-republic.html]
[www.drinksandco.com/l/beer/cn-estonia.html]
[www.drinksandco.com/l/beer/cn-japan.html]
[www.drinksandco.com/l/beer/cn-austria.html]
[www.drinksandco.com/l/spirits.html]
[www.drinksandco.com/l/beer/cn-portugal.html]
[www.drinksandco.com/l/spirits/ct-whiskey.html]
[www.drinksandco.com/l/spirits/ct-rum.html]
[www.drinksandco.com/l/spirits/ct-gin.html]
[www.drinksandco.com/l/spirits/ct-liqueurs--and--cremes.html]
[www.drinksandco.com/l/spirits/ct-miniatures.html]
[www.drinksandco.com/l/spirits/ct-armagnac.html]
[www.drinksandco.com/l/spirits/ct-grappa.html]
[www.drinksandco.com/l/spirits/ct-cognac.html]
[www.drinksandco.com/l/spirits/ct-vodka.html]
[www.drinksandco.com/l/spirits/ct-aguardiente.html]
[www.drinksandco.com/l/spirits/ct-brandy.html]
[www.drinksandco.com/l/spirits/ct-tequila.html]
[www.drinksandco.com/l/spirits/sc-fruit-liquor.html]
[www.drinksandco.com/l/spirits/ct-absinthe.html]
[www.drinksandco.com/l/spirits/sc-herbal-liquor.html]
[www.drinksandco.com/l/spirits/ct-calvados.html]
[www.drinksandco.com/l/spirits/ct-bourbon.html]
[www.drinksandco.com/l/spirits/ct-marc.html]
[www.drinksandco.com/l/spirits/ct-anise.html]
[www.drinksandco.com/l/spirits13c4.html]
[www.drinksandco.com/l/spirits/ct-cachaca.html]
[www.drinksandco.com/l/spiritsbb33.html]
[www.drinksandco.com/l/spirits6634.html]
[www.drinksandco.com/l/spirits3383.html]
[www.drinksandco.com/l/spiritsed59.html]
[www.drinksandco.com/l/spiritsb987.html]
[www.drinksandco.com/l/spiritse016.html]
[www.drinksandco.com/l/spiritsa5e3.html]
[www.drinksandco.com/l/spiritse0a4.html]
[www.drinksandco.com/l/spirits1480.html]
[www.drinksandco.com/l/spiritsc201.html]
[www.drinksandco.com/l/spirits337b.html]
[www.drinksandco.com/l/spiritsca6d.html]
[www.drinksandco.com/l/spirits01d7.html]
[www.drinksandco.com/l/spirits3d8c.html]
[www.drinksandco.com/l/spiritsadeb.html]
[www.drinksandco.com/l/spiritsbfca.html]
[www.drinksandco.com/l/spirits520c.html]
[www.drinksandco.com/l/spirits4c9b.html]
[www.drinksandco.com/l/spirits3f03.html]
[www.drinksandco.com/brands_r_a-d.html]
[www.drinksandco.com/brands_r_e-h.html]
[www.drinksandco.com/brands_r_i-l.html]
[www.drinksandco.com/brands_r_m-p.html]
[www.drinksandco.com/brands_r_q-u.html]
[www.drinksandco.com/brands_r_v-z.html]
[www.drinksandco.com/brands_c_wines.html]
[www.drinksandco.com/brands_c_beer.html]
[www.drinksandco.com/brands_c_accessories.html]
[www.drinksandco.com/brands_c_gourmet.html]
[www.drinksandco.com/brands_c_christmas-gifts.html]
[www.drinksandco.com/brands_c_lots-and-gifts.html]
[www.drinksandco.com/brands_c_other-drinks.html]
[www.drinksandco.com/brands_c_spirits.html]
[www.drinksandco.com/contact.html]
[static.drinksandco.com/js/src/premium/dist/rev-66145f2a45227b4e16dc12f0a7eb4f22.footer.dist.js]
[www.drinksandco.com/l/wine/cn-italy.html]
[www.drinksandco.com/l/wine/cn-france249a.html]
[www.drinksandco.com/l/gourmet.html]
[www.drinksandco.com/l/spirits/sc-amaretto.html]
[www.drinksandco.com/l/beer/ct-ale/cn-england.html]
[www.drinksandco.com/l/wine/cn-francea72b.html]
[static.drinksandco.com/css/rev-325e2e492c0cc771af537cc9724435f2.drinksco.css]
[static.drinksandco.com/css/rev-325e2e492c0cc771af537cc9724435f2.drinkscoDesktop.css]
[static.drinksandco.com/js/src/premium/dist/rev-325e2e492c0cc771af537cc9724435f2.header.dist.js]
[static.drinksandco.com/js/src/premium/dist/rev-325e2e492c0cc771af537cc9724435f2.algolia.dist.js]
[static.drinksandco.com/js/src/premium/dist/rev-325e2e492c0cc771af537cc9724435f2.footer.dist.js]
[static.drinksandco.com/js/rev-325e2e492c0cc771af537cc9724435f2.main.min008c.js]
[www.drinksandco.com/brands.html]
[static.drinksandco.com/js/src/premium/dist/rev-325e2e492c0cc771af537cc9724435f2.commonIcons.dist.js]
[www.drinksandco.com/_nuxt/pages/about-us/AboutUs_2.27.1.js]
[www.drinksandco.com/_nuxt/vendors.pages/about-us/AboutUs.pages/about-us/index_2.27.1.js]
[www.drinksandco.com/_nuxt/img/fcf9506.jpg]
[www.drinksandco.com/_nuxt/img/bb848e2.png]
[www.drinksandco.com/_nuxt/img/102dee8.png]
[www.drinksandco.com/_nuxt/img/f30c437.png]
[www.drinksandco.com/_nuxt/img/dea7295.svg]
[www.drinksandco.com/_nuxt/img/e4bb0ee.svg]
[www.drinksandco.com/_nuxt/img/4047f57.svg]
[www.drinksandco.com/_nuxt/img/305666e.svg]
[www.drinksandco.com/_nuxt/img/c8a9748.jpg]
[www.drinksandco.com/_nuxt/img/be68f94.jpg]
[www.drinksandco.com/_nuxt/img/8219486.jpg]
[www.drinksandco.com/_nuxt/img/8d92d3e.jpg]
[www.drinksandco.com/_nuxt/img/9e2140d.jpg]
[www.drinksandco.com/_nuxt/img/0c07de1.jpg]
[www.drinksandco.com/_nuxt/img/a14800f.jpg]
[www.drinksandco.com/_nuxt/img/f00dbae.jpg]
[www.drinksandco.com/_nuxt/img/0f9e9e1.jpg]
[www.drinksandco.com/_nuxt/img/899748e.jpg]
[www.drinksandco.com/_nuxt/img/e9aa056.jpg]
[www.drinksandco.com/_nuxt/img/cb029a6.jpg]
[www.drinksandco.com/_nuxt/img/57de56a.jpg]
[www.drinksandco.com/_nuxt/img/170a388.jpg]
[www.drinksandco.com/_nuxt/img/e5f311c.jpg]
[www.drinksandco.com/_nuxt/img/9bfd220.jpg]
[www.drinksandco.com/_nuxt/img/e252c07.jpg]
[www.drinksandco.com/_nuxt/img/b823d57.jpg]
[www.drinksandco.com/_nuxt/img/532b552.jpg]
[www.drinksandco.com/_nuxt/img/551f93f.jpg]
[www.drinksandco.com/_nuxt/img/50f8bd3.jpg]
[www.drinksandco.com/_nuxt/img/9843e22.jpg]
[www.drinksandco.com/_nuxt/img/d9fae47.jpg]
[www.drinksandco.com/_nuxt/img/d6918bc.jpg]
[www.drinksandco.com/_nuxt/img/93b9135.jpg]
[www.drinksandco.com/_nuxt/img/0a53705.jpg]
[www.drinksandco.com/_nuxt/img/1dc8f59.jpg]
[www.drinksandco.com/_nuxt/img/4ae886b.jpg]
[www.drinksandco.com/_nuxt/img/7ae6145.jpg]
[www.drinksandco.com/_nuxt/img/5652337.jpg]
[www.drinksandco.com/_nuxt/img/36decad.jpg]
[www.drinksandco.com/_nuxt/img/449c2f8.jpg]
[www.drinksandco.com/_nuxt/img/e88803d.jpg]
[www.drinksandco.com/_nuxt/img/d515269.jpg]
[www.drinksandco.com/_nuxt/img/83b6333.jpg]
[www.drinksandco.com/_nuxt/img/c25f8a7.jpg]
[www.drinksandco.com/_nuxt/img/c7c133b.jpg]
[www.drinksandco.com/_nuxt/img/61a6df2.jpg]
[www.drinksandco.com/_nuxt/img/2a1bb6f.jpg]
[www.drinksandco.com/_nuxt/img/34d6a15.jpg]
[www.drinksandco.com/_nuxt/img/a6a2a61.jpg]
[www.drinksandco.com/_nuxt/img/2c6d65c.jpg]
[www.drinksandco.com/_nuxt/img/76fb696.jpg]
[www.drinksandco.com/_nuxt/img/4d380b3.jpg]
[www.drinksandco.com/_nuxt/img/76ed697.jpg]
[www.drinksandco.com/_nuxt/img/276d162.jpg]
[www.drinksandco.com/_nuxt/img/799e8a0.jpg]
[www.drinksandco.com/_nuxt/img/b8594ff.jpg]
[www.drinksandco.com/_nuxt/img/1d8189f.jpg]
[www.drinksandco.com/_nuxt/img/8100c6f.jpg]
[www.drinksandco.com/_nuxt/img/925617b.jpg]
[www.drinksandco.com/_nuxt/img/22b7bf6.jpg]
[www.drinksandco.com/_nuxt/img/e209654.jpg]
[www.drinksandco.com/_nuxt/img/15e86c2.jpg]
[www.drinksandco.com/_nuxt/img/2f92dd4.png]
[www.drinksandco.com/_nuxt/img/53b4db6.png]
[www.drinksandco.com/_nuxt/img/4a4054a.png]
[www.drinksandco.com/about-drinksco.html]
[www.drinksandco.com/_nuxt/pages/affiliates/Affiliates_2.27.1.js]
[www.drinksandco.com/_nuxt/img/ffd3823.jpg]
[www.drinksandco.com/_nuxt/img/a9fddf4.png]
[www.drinksandco.com/affiliates.html]
[www.drinksandco.com/_nuxt/pages/landing-app/LandingApp_2.27.1.js]
[www.drinksandco.com/_nuxt/img/bc588db.svg]
[www.drinksandco.com/_nuxt/img/5811329.svg]
[www.drinksandco.com/_nuxt/img/811ee2d.jpg]
[www.drinksandco.com/app-mobile.html]
[www.drinksandco.com/terms.html]
[www.drinksandco.com/privacy.html]
[www.drinksandco.com/cookies.html]
[www.drinksandco.com/favicon.html]
[www.drinksandco.com/login/index.html]
[www.drinksandco.com/_nuxt/img/bc77524.svg]
[www.drinksandco.com/_nuxt/img/7b829d8.svg]
[www.drinksandco.com/_nuxt/img/b1a94e4.svg]
[www.drinksandco.com/remember.html]
[www.drinksandco.com/_nuxt/img/a8a0391.svg]
[www.drinksandco.com/user/index.html]
[www.drinksandco.com/legal-details.html]
[www.drinksandco.com/l/wine.html]
[www.drinksandco.com/l/wine/ct-red.html]
[www.drinksandco.com/l/wine/ct-white.html]
[www.drinksandco.com/l/wine/ct-sparkling.html]
[www.drinksandco.com/l/wine/ct-rose.html]
[www.drinksandco.com/l/wine/ct-fortified.html]
[www.drinksandco.com/l/wine/ct-sweet.html]
[www.drinksandco.com/l/wine/ct-alcohol--free.html]
[www.drinksandco.com/l/wine/cn-france.html]
[www.drinksandco.com/l/wine/do-champagne.html]
[www.drinksandco.com/l/wine/do-saint--emilion.html]
[www.drinksandco.com/l/wine/cn-spain.html]
[www.drinksandco.com/l/wine/do-rioja.html]
[www.drinksandco.com/l/wine/do-ribera-del-duero.html]
[www.drinksandco.com/l/wine/do-penedes.html]
[www.drinksandco.com/l/wine/do-cava.html]
[www.drinksandco.com/l/wine/cn-portugal.html]
[www.drinksandco.com/l/wine/do-douro.html]
[www.drinksandco.com/l/wine/do-port.html]
[www.drinksandco.com/l/wine/do-alentejo.html]
[www.drinksandco.com/l/wine/do-setubal.html]
[www.drinksandco.com/l/wine/cn-germany.html]
[www.drinksandco.com/l/wine/do-pfalz.html]
[www.drinksandco.com/l/wine/do-mosel.html]
[static.drinksandco.com/css/rev-1a5b0943a467ccefbe0db8c0237cb8d1.drinksco.css]
[static.drinksandco.com/css/rev-1a5b0943a467ccefbe0db8c0237cb8d1.drinkscoDesktop.css]
[www.drinksandco.com/modal-window_email_register.html]
[www.drinksandco.com/l/wine/do-rheinhessen.html]
[www.drinksandco.com/l/wine/do-rheingau.html]
[www.drinksandco.com/l/wine/do-baden.html]
[www.drinksandco.com/l/wine/ct-sparkling0608.html]
[www.drinksandco.com/l/wine/ct-sparklinga690.html]
[www.drinksandco.com/l/wine/ct-sparkling8209.html]
[www.drinksandco.com/l/wine/ct-sparklingb718.html]
[www.drinksandco.com/l/wine/ct-sparklinga054.html]
[www.drinksandco.com/l/wine/ct-sparkling4668.html]
[www.drinksandco.com/l/wine/ct-sparkling8b55.html]
[www.drinksandco.com/l/wine/ct-sparklingc055.html]
[www.drinksandco.com/l/wine/ct-sparkling7ba0.html]
[www.drinksandco.com/l/wine/ct-sparkling5778.html]
[www.drinksandco.com/l/wine/ct-sparkling4279.html]
[www.drinksandco.com/l/wine/ct-sparklingbb42.html]
[www.drinksandco.com/l/wine/ct-sparklinge7ae.html]
[www.drinksandco.com/l/wine/ct-sparkling4d65.html]
[www.drinksandco.com/l/wine/ct-sparkling6837.html]
[www.drinksandco.com/l/wine/ct-sparklingfab0.html]
[www.drinksandco.com/l/wine/ct-sparkling35eb.html]
[www.drinksandco.com/l/wine/ct-sparklingfca5.html]
[www.drinksandco.com/l/wine/ct-sparklingf219.html]
[www.drinksandco.com/l/wine/ct-sparkling8038.html]
[www.drinksandco.com/l/beer.html]
[www.drinksandco.com/l/beer/ct-wheat.html]
[www.drinksandco.com/l/beer/ct-ale.html]
[www.drinksandco.com/l/beer/ct-golden-beer.html]
[www.drinksandco.com/l/beer/ct-craft.html]
[www.drinksandco.com/l/beer/ct-lager.html]
[www.drinksandco.com/l/beer/ct-indian-pale-ale.html]
[www.drinksandco.com/l/beer/ct-pilsener.html]
[www.drinksandco.com/l/beer/ct-stout.html]
[www.drinksandco.com/l/beer/ct-ambree-beer.html]
[www.drinksandco.com/l/beer/ct-abbey.html]
[www.drinksandco.com/l/beer/ct-special.html]
[www.drinksandco.com/l/beer/ct-strong-ale.html]
[www.drinksandco.com/l/beer/ct-christmas.html]
[www.drinksandco.com/l/beer/ct-bitter.html]
[www.drinksandco.com/l/beer/ct-porter.html]
[www.drinksandco.com/l/beer/ct-black-beer.html]
[www.drinksandco.com/l/beer/ct-fruit.html]
[www.drinksandco.com/l/beer/ct-dubbel.html]
[www.drinksandco.com/l/beer/ct-brown-ale.html]
[www.drinksandco.com/l/beer/ct-saison.html]
[www.drinksandco.com/l/beer/cn-belgium.html]
[www.drinksandco.com/l/beer/cn-netherlands.html]
[www.drinksandco.com/l/beer/cn-france.html]
[www.drinksandco.com/l/beer/cn-united-states.html]
[www.drinksandco.com/l/beer/cn-england.html]
[www.drinksandco.com/l/beer/cn-spain.html]
[www.drinksandco.com/l/beer/cn-denmark.html]
[www.drinksandco.com/l/beer/cn-germany.html]
[www.drinksandco.com/l/beer/cn-italy.html]
[www.drinksandco.com/l/beer/cn-scotland.html]
[www.drinksandco.com/l/beer/cn-canada.html]
[www.drinksandco.com/l/beer/cn-sweden.html]
[www.drinksandco.com/l/beer/cn-norway.html]
[www.drinksandco.com/l/beer/cn-ireland.html]
[www.drinksandco.com/l/beer/cn-mexico.html]
[www.drinksandco.com/l/beer/cn-estonia.html]
[www.drinksandco.com/l/beer/cn-japan.html]
[www.drinksandco.com/l/beer/cn-czech-republic.html]
[www.drinksandco.com/l/beer/cn-portugal.html]
[www.drinksandco.com/l/beer/cn-austria.html]
[www.drinksandco.com/l/spirits.html]
[www.drinksandco.com/l/spirits/ct-whiskey.html]
[www.drinksandco.com/l/spirits/ct-rum.html]
[www.drinksandco.com/l/spirits/ct-gin.html]
[www.drinksandco.com/l/spirits/ct-liqueurs--and--cremes.html]
[www.drinksandco.com/l/spirits/ct-miniatures.html]
[www.drinksandco.com/l/spirits/ct-armagnac.html]
[www.drinksandco.com/l/spirits/ct-cognac.html]
[www.drinksandco.com/l/spirits/ct-grappa.html]
[www.drinksandco.com/l/spirits/ct-vodka.html]
[www.drinksandco.com/l/spirits/ct-aguardiente.html]
[www.drinksandco.com/l/spirits/ct-tequila.html]
[www.drinksandco.com/l/spirits/ct-brandy.html]
[www.drinksandco.com/l/spirits/sc-fruit-liquor.html]
[www.drinksandco.com/l/spirits/ct-absinthe.html]
[www.drinksandco.com/l/spirits/sc-herbal-liquor.html]
[www.drinksandco.com/l/spirits/ct-bourbon.html]
[www.drinksandco.com/l/spirits/ct-calvados.html]
[www.drinksandco.com/l/spirits/ct-marc.html]
[www.drinksandco.com/l/spirits/ct-anise.html]
[www.drinksandco.com/l/spirits/ct-cachaca.html]
[www.drinksandco.com/l/spirits13c4.html]
[www.drinksandco.com/l/spiritsbb33.html]
[www.drinksandco.com/l/spirits3383.html]
[www.drinksandco.com/l/spirits6634.html]
[www.drinksandco.com/l/spiritsed59.html]
[www.drinksandco.com/l/spiritsb987.html]
[www.drinksandco.com/l/spiritsa5e3.html]
[www.drinksandco.com/l/spirits1480.html]
[www.drinksandco.com/l/spiritse016.html]
[www.drinksandco.com/l/spiritse0a4.html]
[www.drinksandco.com/l/spiritsc201.html]
[www.drinksandco.com/l/spiritsca6d.html]
[www.drinksandco.com/l/spirits337b.html]
[www.drinksandco.com/l/spirits01d7.html]
[www.drinksandco.com/l/spirits3d8c.html]
[www.drinksandco.com/l/spiritsadeb.html]
[www.drinksandco.com/l/spiritsbfca.html]
[www.drinksandco.com/l/spirits520c.html]
[www.drinksandco.com/l/spirits4c9b.html]
[www.drinksandco.com/l/spirits3f03.html]
[www.drinksandco.com/brands_r_a-d.html]
[www.drinksandco.com/brands_r_e-h.html]
[www.drinksandco.com/brands_r_i-l.html]
[www.drinksandco.com/brands_r_m-p.html]
[www.drinksandco.com/brands_r_q-u.html]
[www.drinksandco.com/brands_r_v-z.html]
[www.drinksandco.com/brands_c_wines.html]
[www.drinksandco.com/brands_c_beer.html]
[www.drinksandco.com/brands_c_accessories.html]
[www.drinksandco.com/brands_c_gourmet.html]
[www.drinksandco.com/brands_c_christmas-gifts.html]
[www.drinksandco.com/brands_c_lots-and-gifts.html]
[www.drinksandco.com/brands_c_other-drinks.html]
[www.drinksandco.com/l/gourmet.html]
[www.drinksandco.com/l/wine/cn-italy.html]
[www.drinksandco.com/l/wine/cn-france249a.html]
[www.drinksandco.com/l/spirits/sc-amaretto.html]
[static.drinksandco.com/css/rev-325e2e492c0cc771af537cc9724435f2.drinksco.css]
[static.drinksandco.com/css/rev-325e2e492c0cc771af537cc9724435f2.drinkscoDesktop.css]
[www.drinksandco.com/about-drinksco/index.html]
[www.drinksandco.com/_nuxt/img/dea7295.svg]
[www.drinksandco.com/_nuxt/img/e4bb0ee.svg]
[www.drinksandco.com/_nuxt/img/4047f57.svg]
[www.drinksandco.com/_nuxt/img/305666e.svg]
[www.drinksandco.com/affiliates/index.html]
[www.drinksandco.com/_nuxt/img/bc588db.svg]
[www.drinksandco.com/_nuxt/img/5811329.svg]
[www.drinksandco.com/remember/index.html]
[www.drinksandco.com/l/wine.html]
[www.drinksandco.com/l/wine/ct-red.html]
[www.drinksandco.com/l/wine/ct-white.html]
[www.drinksandco.com/l/wine/ct-sparkling.html]
[www.drinksandco.com/l/wine/ct-rose.html]
[www.drinksandco.com/l/wine/ct-fortified.html]
[www.drinksandco.com/l/wine/ct-sweet.html]
[www.drinksandco.com/l/wine/ct-alcohol--free.html]
[www.drinksandco.com/l/wine/cn-france.html]
[www.drinksandco.com/l/wine/do-champagne.html]
[www.drinksandco.com/l/wine/do-saint--emilion.html]
[www.drinksandco.com/l/wine/cn-spain.html]
[www.drinksandco.com/l/wine/do-rioja.html]
[www.drinksandco.com/l/wine/do-ribera-del-duero.html]
[www.drinksandco.com/l/wine/do-penedes.html]
[www.drinksandco.com/l/wine/do-cava.html]
[www.drinksandco.com/l/wine/cn-portugal.html]
[www.drinksandco.com/l/wine/do-douro.html]
[www.drinksandco.com/l/wine/do-port.html]
[www.drinksandco.com/l/wine/do-alentejo.html]
[www.drinksandco.com/l/wine/do-setubal.html]
[www.drinksandco.com/l/wine/cn-germany.html]
[www.drinksandco.com/l/wine/do-pfalz.html]
[www.drinksandco.com/l/wine/do-mosel.html]
[www.drinksandco.com/l/wine/do-rheinhessen.html]
[www.drinksandco.com/l/wine/do-rheingau.html]
[www.drinksandco.com/l/wine/do-baden.html]
[www.drinksandco.com/l/wine/ct-sparkling0608.html]
[www.drinksandco.com/l/wine/ct-sparklinga690.html]
[www.drinksandco.com/l/wine/ct-sparkling8209.html]
[www.drinksandco.com/l/wine/ct-sparklingb718.html]
[www.drinksandco.com/l/wine/ct-sparklinga054.html]
[www.drinksandco.com/l/wine/ct-sparkling8b55.html]
[www.drinksandco.com/l/wine/ct-sparkling4668.html]
[www.drinksandco.com/l/wine/ct-sparklingc055.html]
[www.drinksandco.com/l/wine/ct-sparkling7ba0.html]
[www.drinksandco.com/l/wine/ct-sparkling5778.html]
[www.drinksandco.com/l/wine/ct-sparkling4279.html]
[www.drinksandco.com/l/wine/ct-sparklingbb42.html]
[www.drinksandco.com/l/wine/ct-sparklinge7ae.html]
[www.drinksandco.com/l/wine/ct-sparkling6837.html]
[www.drinksandco.com/l/wine/ct-sparklingfab0.html]
[www.drinksandco.com/l/wine/ct-sparkling4d65.html]
[www.drinksandco.com/l/wine/ct-sparkling35eb.html]
[www.drinksandco.com/l/wine/ct-sparklingfca5.html]
[www.drinksandco.com/l/wine/ct-sparkling8038.html]
[www.drinksandco.com/l/wine/ct-sparklingf219.html]
[www.drinksandco.com/l/beer.html]
[www.drinksandco.com/l/beer/ct-golden-beer.html]
[www.drinksandco.com/l/beer/ct-ale.html]
[www.drinksandco.com/l/beer/ct-wheat.html]
[www.drinksandco.com/l/beer/ct-craft.html]
[www.drinksandco.com/l/beer/ct-lager.html]
[www.drinksandco.com/l/beer/ct-indian-pale-ale.html]
[www.drinksandco.com/l/beer/ct-stout.html]
[www.drinksandco.com/l/beer/ct-pilsener.html]
[www.drinksandco.com/l/beer/ct-special.html]
[www.drinksandco.com/l/beer/ct-abbey.html]
[www.drinksandco.com/l/beer/ct-strong-ale.html]
[www.drinksandco.com/l/beer/ct-ambree-beer.html]
[www.drinksandco.com/l/beer/ct-christmas.html]
[www.drinksandco.com/l/beer/ct-bitter.html]
[www.drinksandco.com/l/beer/ct-porter.html]
[www.drinksandco.com/l/beer/ct-black-beer.html]
[www.drinksandco.com/l/beer/ct-brown-ale.html]
[www.drinksandco.com/l/beer/ct-dubbel.html]
[www.drinksandco.com/l/beer/ct-fruit.html]
[www.drinksandco.com/l/beer/ct-saison.html]
[www.drinksandco.com/l/beer/cn-belgium.html]
[www.drinksandco.com/l/beer/cn-netherlands.html]
[www.drinksandco.com/l/beer/cn-france.html]
[www.drinksandco.com/l/beer/cn-united-states.html]
[www.drinksandco.com/l/beer/cn-england.html]
[www.drinksandco.com/l/beer/cn-spain.html]
[www.drinksandco.com/l/beer/cn-germany.html]
[www.drinksandco.com/l/beer/cn-denmark.html]
[www.drinksandco.com/l/beer/cn-italy.html]
[www.drinksandco.com/l/beer/cn-scotland.html]
[www.drinksandco.com/l/beer/cn-canada.html]
[www.drinksandco.com/l/beer/cn-sweden.html]
[www.drinksandco.com/l/beer/cn-norway.html]
[www.drinksandco.com/l/beer/cn-ireland.html]
[www.drinksandco.com/l/beer/cn-mexico.html]
[www.drinksandco.com/l/beer/cn-estonia.html]
[www.drinksandco.com/l/beer/cn-japan.html]
[www.drinksandco.com/l/beer/cn-czech-republic.html]
[www.drinksandco.com/l/beer/cn-austria.html]
[www.drinksandco.com/l/beer/cn-portugal.html]
[www.drinksandco.com/l/spirits.html]
[www.drinksandco.com/l/spirits/ct-whiskey.html]
[www.drinksandco.com/l/spirits/ct-rum.html]
[www.drinksandco.com/l/spirits/ct-liqueurs--and--cremes.html]
[www.drinksandco.com/l/spirits/ct-gin.html]
[www.drinksandco.com/l/spirits/ct-miniatures.html]
[www.drinksandco.com/l/spirits/ct-armagnac.html]
[www.drinksandco.com/l/spirits/ct-cognac.html]
[www.drinksandco.com/l/spirits/ct-grappa.html]
[www.drinksandco.com/l/spirits/ct-vodka.html]
[www.drinksandco.com/l/spirits/ct-aguardiente.html]
[www.drinksandco.com/l/spirits/ct-brandy.html]
[www.drinksandco.com/l/spirits/ct-tequila.html]
[www.drinksandco.com/l/spirits/sc-fruit-liquor.html]
[www.drinksandco.com/l/spirits/ct-absinthe.html]
[www.drinksandco.com/l/spirits/sc-herbal-liquor.html]
[www.drinksandco.com/l/spirits/ct-calvados.html]
[www.drinksandco.com/l/spirits/ct-bourbon.html]
[www.drinksandco.com/l/spirits/ct-marc.html]
[www.drinksandco.com/l/spirits/ct-anise.html]
[www.drinksandco.com/l/spirits/ct-cachaca.html]
[www.drinksandco.com/l/spirits13c4.html]
[www.drinksandco.com/l/spiritsbb33.html]
[www.drinksandco.com/l/spirits3383.html]
[www.drinksandco.com/l/spirits6634.html]
[www.drinksandco.com/l/spiritsed59.html]
[www.drinksandco.com/l/spiritsb987.html]
[www.drinksandco.com/l/spiritsa5e3.html]
[www.drinksandco.com/l/spiritse016.html]
[www.drinksandco.com/l/spiritse0a4.html]
[www.drinksandco.com/l/spirits1480.html]
[www.drinksandco.com/l/spiritsc201.html]
[www.drinksandco.com/l/spiritsca6d.html]
[www.drinksandco.com/l/spirits337b.html]
[www.drinksandco.com/l/spirits01d7.html]
[www.drinksandco.com/l/spirits3d8c.html]
[www.drinksandco.com/l/spiritsbfca.html]
[www.drinksandco.com/l/spiritsadeb.html]
[www.drinksandco.com/l/spirits520c.html]
[www.drinksandco.com/l/spirits4c9b.html]
[www.drinksandco.com/l/spirits3f03.html]
[www.drinksandco.com/l/gourmet.html]
[www.drinksandco.com/l/wine/cn-italy.html]
[www.drinksandco.com/l/wine/cn-france249a.html]
[www.drinksandco.com/l/spirits/sc-amaretto.html]
[www.drinksandco.com/l/wine/cn-francea72b.html]
[www.drinksandco.com/l/wine/cn-francea72b.html]
[www.drinksandco.com/l/beer/ct-ale/cn-england.html]
[www.drinksandco.com/l/beer/ct-ale/cn-england.html]
